 
****************************************
Report : qor
Design : fme
Version: L-2016.03-SP1
Date   : Tue Nov 14 17:39:01 2017
****************************************


  Timing Path Group 'CLOCK'
  -----------------------------------
  Levels of Logic:             11.000
  Critical Path Length:         1.057
  Critical Path Slack:          0.531
  Critical Path Clk Period:     5.295
  Total Negative Slack:         0.000
  No. of Violating Paths:       0.000
  Worst Hold Violation:         0.000
  Total Hold Violation:         0.000
  No. of Hold Violations:       0.000
  -----------------------------------


  Cell Count
  -----------------------------------
  Hierarchical Cell Count:       1705
  Hierarchical Port Count:      51707
  Leaf Cell Count:              34795
  Buf/Inv Cell Count:            5046
  Buf Cell Count:                 703
  Inv Cell Count:                4343
  CT Buf/Inv Cell Count:            0
  Combinational Cell Count:     20203
  Sequential Cell Count:        14592
  Macro Count:                      0
  -----------------------------------


  Area
  -----------------------------------
  Combinational Area:       42702.030
  Noncombinational Area:    80986.477
  Buf/Inv Area:              2935.649
  Total Buffer Area:          611.579
  Total Inverter Area:       2324.070
  Macro/Black Box Area:         0.000
  Net Area:                     0.000
  Net XLength        :     697198.250
  Net YLength        :     525819.312
  -----------------------------------
  Cell Area:               123688.508
  Design Area:             123688.508
  Net Length        :     1223017.500


  Design Rules
  -----------------------------------
  Total Number of Nets:         40542
  Nets With Violations:             1
  Max Trans Violations:             0
  Max Cap Violations:               1
  -----------------------------------


  Hostname: sagittarius-a

  Compile CPU Statistics
  -----------------------------------------
  Resource Sharing:                   0.000
  Logic Optimization:                 0.000
  Mapping Optimization:             852.009
  -----------------------------------------
  Overall Compile Time:             963.480
  Overall Compile Wall Clock Time:  227.043

  --------------------------------------------------------------------

  Design  WNS: 0.000  TNS: 0.000  Number of Violating Paths: 0


  Design (Hold)  WNS: 0.000  TNS: 0.000  Number of Violating Paths: 0

  --------------------------------------------------------------------


1
