Information: Propagating switching activity (high effort zero delay simulation). (PWR-6)
Warning: Design has unannotated primary inputs. (PWR-414)
Warning: Design has unannotated sequential cell outputs. (PWR-415)
 
****************************************
Report : power
        -analysis_effort high
Design : fme
Version: M-2016.12-SP4
Date   : Fri Jun 23 12:42:06 2017
****************************************


Library(s) Used:

    tcbn45gsbwptc_ccs (File: /home/library/tsmc_library/45nm/nominal_vt/digital/Front_End/timing_power_noise/CCS/tcbn45gsbwp_120a/tcbn45gsbwptc_ccs.db)


Operating Conditions: NCCOM   Library: tcbn45gsbwptc_ccs
Wire Load Model Mode: Inactive.


Global Operating Voltage = 0.9  
Power-specific unit information :
    Voltage Units = 1V
    Capacitance Units = 1.000000pf
    Time Units = 1ns
    Dynamic Power Units = 1mW    (derived from V,C,T units)
    Leakage Power Units = 1nW

Information: Reporting correlated power. (PWR-620)

  Cell Internal Power  =  12.2935 mW   (78%)
  Net Switching Power  =   3.5382 mW   (22%)
                         ---------
Total Dynamic Power    =  15.8316 mW  (100%)

Cell Leakage Power     =   1.2015 mW

Power Breakdown
---------------

                             Cell        Driven Net  Tot Dynamic      Cell
                             Internal    Switching   Power (mW)       Leakage
Cell                         Power (mW)  Power (mW)  (% Cell/Tot)     Power (nW)
--------------------------------------------------------------------------------
Netlist Power                  11.8249      0.8678   1.269e+01 (93%)  1.186e+06
Estimated Clock Tree Power      0.4686      2.6704   3.139e+00 (15%)  1.536e+04
--------------------------------------------------------------------------------
Information: report_power power group summary does not include estimated clock tree power. (PWR-789)

                 Internal         Switching           Leakage            Total
Power Group      Power            Power               Power              Power   (   %    )  Attrs
--------------------------------------------------------------------------------------------------
io_pad             0.0000            0.0000            0.0000            0.0000  (   0.00%)
memory             0.0000            0.0000            0.0000            0.0000  (   0.00%)
black_box          0.0000            0.0000            0.0000            0.0000  (   0.00%)
clock_network      0.0000            0.0000            0.0000            0.0000  (   0.00%)
register          11.2195            0.1794        6.1817e+05           12.0171  (  86.59%)
sequential     7.7968e-06        1.0670e-04           27.1821        1.4168e-04  (   0.00%)
combinational      0.6054            0.6883        5.6792e+05            1.8616  (  13.41%)
--------------------------------------------------------------------------------------------------
Total             11.8250 mW         0.8678 mW     1.1861e+06 nW        13.8788 mW
1
