 
****************************************
Report : qor
Design : fme
Version: M-2016.12-SP4
Date   : Fri Jun 23 12:41:53 2017
****************************************


  Timing Path Group 'CLOCK'
  -----------------------------------
  Levels of Logic:             11.000
  Critical Path Length:         1.116
  Critical Path Slack:          0.368
  Critical Path Clk Period:     4.945
  Total Negative Slack:         0.000
  No. of Violating Paths:       0.000
  Worst Hold Violation:         0.000
  Total Hold Violation:         0.000
  No. of Hold Violations:       0.000
  -----------------------------------


  Cell Count
  -----------------------------------
  Hierarchical Cell Count:       1705
  Hierarchical Port Count:      51707
  Leaf Cell Count:              34866
  Buf/Inv Cell Count:            5101
  Buf Cell Count:                 763
  Inv Cell Count:                4338
  CT Buf/Inv Cell Count:            0
  Combinational Cell Count:     20274
  Sequential Cell Count:        14592
  Macro Count:                      0
  -----------------------------------


  Area
  -----------------------------------
  Combinational Area:       42762.888
  Noncombinational Area:    80986.477
  Buf/Inv Area:              2981.513
  Total Buffer Area:          661.147
  Total Inverter Area:       2320.366
  Macro/Black Box Area:         0.000
  Net Area:                     0.000
  Net XLength        :     659675.250
  Net YLength        :     566310.125
  -----------------------------------
  Cell Area:               123749.366
  Design Area:             123749.366
  Net Length        :     1225985.375


  Design Rules
  -----------------------------------
  Total Number of Nets:         40598
  Nets With Violations:             2
  Max Trans Violations:             0
  Max Cap Violations:               2
  -----------------------------------


  Hostname: sagittarius-a

  Compile CPU Statistics
  -----------------------------------------
  Resource Sharing:                   0.000
  Logic Optimization:                 0.000
  Mapping Optimization:             467.477
  -----------------------------------------
  Overall Compile Time:             574.200
  Overall Compile Wall Clock Time:  164.182

  --------------------------------------------------------------------

  Design  WNS: 0.000  TNS: 0.000  Number of Violating Paths: 0


  Design (Hold)  WNS: 0.000  TNS: 0.000  Number of Violating Paths: 0

  --------------------------------------------------------------------


1
