 
****************************************
Report : qor
Design : fme
Version: L-2016.03-SP1
Date   : Tue Nov 14 16:53:48 2017
****************************************


  Timing Path Group 'CLOCK'
  -----------------------------------
  Levels of Logic:             11.000
  Critical Path Length:         1.096
  Critical Path Slack:          4.839
  Critical Path Clk Period:    19.785
  Total Negative Slack:         0.000
  No. of Violating Paths:       0.000
  Worst Hold Violation:         0.000
  Total Hold Violation:         0.000
  No. of Hold Violations:       0.000
  -----------------------------------


  Cell Count
  -----------------------------------
  Hierarchical Cell Count:       1705
  Hierarchical Port Count:      51707
  Leaf Cell Count:              34774
  Buf/Inv Cell Count:            5028
  Buf Cell Count:                 692
  Inv Cell Count:                4336
  CT Buf/Inv Cell Count:            0
  Combinational Cell Count:     20182
  Sequential Cell Count:        14592
  Macro Count:                      0
  -----------------------------------


  Area
  -----------------------------------
  Combinational Area:       42705.206
  Noncombinational Area:    80986.830
  Buf/Inv Area:              2945.880
  Total Buffer Area:          618.458
  Total Inverter Area:       2327.422
  Macro/Black Box Area:         0.000
  Net Area:                     0.000
  Net XLength        :     721897.750
  Net YLength        :     524249.312
  -----------------------------------
  Cell Area:               123692.036
  Design Area:             123692.036
  Net Length        :     1246147.000


  Design Rules
  -----------------------------------
  Total Number of Nets:         40522
  Nets With Violations:             0
  Max Trans Violations:             0
  Max Cap Violations:               0
  -----------------------------------


  Hostname: sagittarius-a

  Compile CPU Statistics
  -----------------------------------------
  Resource Sharing:                   0.000
  Logic Optimization:                 0.000
  Mapping Optimization:             501.231
  -----------------------------------------
  Overall Compile Time:             612.634
  Overall Compile Wall Clock Time:  172.319

  --------------------------------------------------------------------

  Design  WNS: 0.000  TNS: 0.000  Number of Violating Paths: 0


  Design (Hold)  WNS: 0.000  TNS: 0.000  Number of Violating Paths: 0

  --------------------------------------------------------------------


1
