 
****************************************
Report : qor
Design : fme
Version: L-2016.03-SP1
Date   : Tue Nov 14 19:50:56 2017
****************************************


  Timing Path Group 'CLOCK'
  -----------------------------------
  Levels of Logic:              11.00
  Critical Path Length:          0.98
  Critical Path Slack:           0.51
  Critical Path Clk Period:      4.95
  Total Negative Slack:          0.00
  No. of Violating Paths:        0.00
  Worst Hold Violation:          0.00
  Total Hold Violation:          0.00
  No. of Hold Violations:        0.00
  -----------------------------------


  Cell Count
  -----------------------------------
  Hierarchical Cell Count:       1705
  Hierarchical Port Count:      51708
  Leaf Cell Count:              34843
  Buf/Inv Cell Count:            5084
  Buf Cell Count:                 743
  Inv Cell Count:                4341
  CT Buf/Inv Cell Count:            0
  Combinational Cell Count:     20251
  Sequential Cell Count:        14592
  Macro Count:                      0
  -----------------------------------


  Area
  -----------------------------------
  Combinational Area:    42721.787157
  Noncombinational Area: 80986.477470
  Buf/Inv Area:           2970.928896
  Total Buffer Area:           646.15
  Total Inverter Area:        2324.78
  Macro/Black Box Area:      0.000000
  Net Area:                  0.000000
  Net XLength        :      688732.94
  Net YLength        :      547679.31
  -----------------------------------
  Cell Area:            123708.264627
  Design Area:          123708.264627
  Net Length        :      1236412.25


  Design Rules
  -----------------------------------
  Total Number of Nets:         40578
  Nets With Violations:             3
  Max Trans Violations:             0
  Max Cap Violations:               3
  -----------------------------------


  Hostname: sagittarius-a

  Compile CPU Statistics
  -----------------------------------------
  Resource Sharing:                    0.00
  Logic Optimization:                  0.00
  Mapping Optimization:             1089.88
  -----------------------------------------
  Overall Compile Time:             1204.25
  Overall Compile Wall Clock Time:   266.50

  --------------------------------------------------------------------

  Design  WNS: 0.00  TNS: 0.00  Number of Violating Paths: 0


  Design (Hold)  WNS: 0.00  TNS: 0.00  Number of Violating Paths: 0

  --------------------------------------------------------------------


1
