 
****************************************
Report : qor
Design : fme
Version: L-2016.03-SP1
Date   : Tue Nov 14 17:23:49 2017
****************************************


  Timing Path Group 'CLOCK'
  -----------------------------------
  Levels of Logic:              11.00
  Critical Path Length:          1.02
  Critical Path Slack:           2.10
  Critical Path Clk Period:     10.39
  Total Negative Slack:          0.00
  No. of Violating Paths:        0.00
  Worst Hold Violation:          0.00
  Total Hold Violation:          0.00
  No. of Hold Violations:        0.00
  -----------------------------------


  Cell Count
  -----------------------------------
  Hierarchical Cell Count:       1705
  Hierarchical Port Count:      51707
  Leaf Cell Count:              34824
  Buf/Inv Cell Count:            5072
  Buf Cell Count:                 726
  Inv Cell Count:                4346
  CT Buf/Inv Cell Count:            0
  Combinational Cell Count:     20232
  Sequential Cell Count:        14592
  Macro Count:                      0
  -----------------------------------


  Area
  -----------------------------------
  Combinational Area:    42708.204354
  Noncombinational Area: 80986.477470
  Buf/Inv Area:           2955.934896
  Total Buffer Area:           637.69
  Total Inverter Area:        2318.25
  Macro/Black Box Area:      0.000000
  Net Area:                  0.000000
  Net XLength        :      673763.06
  Net YLength        :      523765.66
  -----------------------------------
  Cell Area:            123694.681824
  Design Area:          123694.681824
  Net Length        :      1197528.75


  Design Rules
  -----------------------------------
  Total Number of Nets:         40567
  Nets With Violations:             2
  Max Trans Violations:             0
  Max Cap Violations:               2
  -----------------------------------


  Hostname: sagittarius-a

  Compile CPU Statistics
  -----------------------------------------
  Resource Sharing:                    0.00
  Logic Optimization:                  0.00
  Mapping Optimization:              390.60
  -----------------------------------------
  Overall Compile Time:              503.04
  Overall Compile Wall Clock Time:   157.90

  --------------------------------------------------------------------

  Design  WNS: 0.00  TNS: 0.00  Number of Violating Paths: 0


  Design (Hold)  WNS: 0.00  TNS: 0.00  Number of Violating Paths: 0

  --------------------------------------------------------------------


1
