 
****************************************
Report : qor
Design : fme
Version: L-2016.03-SP1
Date   : Tue Nov 14 20:04:02 2017
****************************************


  Timing Path Group 'CLOCK'
  -----------------------------------
  Levels of Logic:             27.000
  Critical Path Length:         2.188
  Critical Path Slack:          0.001
  Critical Path Clk Period:     2.473
  Total Negative Slack:         0.000
  No. of Violating Paths:       0.000
  Worst Hold Violation:         0.000
  Total Hold Violation:         0.000
  No. of Hold Violations:       0.000
  -----------------------------------


  Cell Count
  -----------------------------------
  Hierarchical Cell Count:       1705
  Hierarchical Port Count:      51707
  Leaf Cell Count:              34824
  Buf/Inv Cell Count:            5093
  Buf Cell Count:                 792
  Inv Cell Count:                4301
  CT Buf/Inv Cell Count:            0
  Combinational Cell Count:     20232
  Sequential Cell Count:        14592
  Macro Count:                      0
  -----------------------------------


  Area
  -----------------------------------
  Combinational Area:       42775.060
  Noncombinational Area:    80986.477
  Buf/Inv Area:              2972.869
  Total Buffer Area:          672.966
  Total Inverter Area:       2299.903
  Macro/Black Box Area:         0.000
  Net Area:                     0.000
  Net XLength        :     700872.250
  Net YLength        :     464076.250
  -----------------------------------
  Cell Area:               123761.537
  Design Area:             123761.537
  Net Length        :     1164948.500


  Design Rules
  -----------------------------------
  Total Number of Nets:         40582
  Nets With Violations:             1
  Max Trans Violations:             0
  Max Cap Violations:               1
  -----------------------------------


  Hostname: sagittarius-a

  Compile CPU Statistics
  -----------------------------------------
  Resource Sharing:                   0.000
  Logic Optimization:                 0.000
  Mapping Optimization:             241.307
  -----------------------------------------
  Overall Compile Time:             355.418
  Overall Compile Wall Clock Time:  133.911

  --------------------------------------------------------------------

  Design  WNS: 0.000  TNS: 0.000  Number of Violating Paths: 0


  Design (Hold)  WNS: 0.000  TNS: 0.000  Number of Violating Paths: 0

  --------------------------------------------------------------------


1
