 
****************************************
Report : qor
Design : fme
Version: L-2016.03-SP1
Date   : Tue Nov 14 15:53:56 2017
****************************************


  Timing Path Group 'CLOCK'
  -----------------------------------
  Levels of Logic:             12.000
  Critical Path Length:         1.253
  Critical Path Slack:         10.618
  Critical Path Clk Period:    39.569
  Total Negative Slack:         0.000
  No. of Violating Paths:       0.000
  Worst Hold Violation:         0.000
  Total Hold Violation:         0.000
  No. of Hold Violations:       0.000
  -----------------------------------


  Cell Count
  -----------------------------------
  Hierarchical Cell Count:       1705
  Hierarchical Port Count:      51708
  Leaf Cell Count:              34797
  Buf/Inv Cell Count:            5039
  Buf Cell Count:                 703
  Inv Cell Count:                4336
  CT Buf/Inv Cell Count:            0
  Combinational Cell Count:     20205
  Sequential Cell Count:        14592
  Macro Count:                      0
  -----------------------------------


  Area
  -----------------------------------
  Combinational Area:       42712.791
  Noncombinational Area:    80986.477
  Buf/Inv Area:              2932.826
  Total Buffer Area:          620.399
  Total Inverter Area:       2312.428
  Macro/Black Box Area:         0.000
  Net Area:                     0.000
  Net XLength        :     689971.750
  Net YLength        :     516881.156
  -----------------------------------
  Cell Area:               123699.268
  Design Area:             123699.268
  Net Length        :     1206852.875


  Design Rules
  -----------------------------------
  Total Number of Nets:         40538
  Nets With Violations:             3
  Max Trans Violations:             0
  Max Cap Violations:               3
  -----------------------------------


  Hostname: sagittarius-a

  Compile CPU Statistics
  -----------------------------------------
  Resource Sharing:                   0.000
  Logic Optimization:                 0.000
  Mapping Optimization:            1420.521
  -----------------------------------------
  Overall Compile Time:            1531.323
  Overall Compile Wall Clock Time:  315.940

  --------------------------------------------------------------------

  Design  WNS: 0.000  TNS: 0.000  Number of Violating Paths: 0


  Design (Hold)  WNS: 0.000  TNS: 0.000  Number of Violating Paths: 0

  --------------------------------------------------------------------


1
